make[1]: Entering directory '/home/mohchams/cursus/niv3/pipex/libft'
rm -f ft_atoi.o ft_bzero.o ft_calloc.o ft_isalnum.o ft_isalpha.o ft_isascii.o ft_isdigit.o ft_isprint.o ft_itoa.o ft_memchr.o ft_memcmp.o ft_memcpy.o ft_memmove.o ft_memset.o ft_putchar_fd.o ft_putendl_fd.o ft_putnbr_fd.o ft_putstr_fd.o ft_split.o ft_strchr.o ft_strdup.o ft_striteri.o ft_strjoin.o ft_strlcat.o ft_strlcpy.o ft_strlen.o ft_strmapi.o ft_strncmp.o ft_strnstr.o ft_strrchr.o ft_strtrim.o ft_substr.o ft_tolower.o ft_toupper.o ft_lstadd_back.o ft_lstadd_front.o ft_lstclear.o ft_lstdelone.o ft_lstlast.o ft_lstnew.o ft_lstsize.o ft_strspn.o ft_strtok.o get_next_line.o get_next_line_bonus.o ft_printf.o ft_putchar_printf.o ft_putstr_printf.o ft_putnbr_hexa_printf.o ft_putnbr_unsigned.o ft_putnbr_printf.o ft_percent_printf.o ft_putptr_printf.o
make[1]: Leaving directory '/home/mohchams/cursus/niv3/pipex/libft'
make[1]: Entering directory '/home/mohchams/cursus/niv3/pipex/libft'
rm -f ft_atoi.o ft_bzero.o ft_calloc.o ft_isalnum.o ft_isalpha.o ft_isascii.o ft_isdigit.o ft_isprint.o ft_itoa.o ft_memchr.o ft_memcmp.o ft_memcpy.o ft_memmove.o ft_memset.o ft_putchar_fd.o ft_putendl_fd.o ft_putnbr_fd.o ft_putstr_fd.o ft_split.o ft_strchr.o ft_strdup.o ft_striteri.o ft_strjoin.o ft_strlcat.o ft_strlcpy.o ft_strlen.o ft_strmapi.o ft_strncmp.o ft_strnstr.o ft_strrchr.o ft_strtrim.o ft_substr.o ft_tolower.o ft_toupper.o ft_lstadd_back.o ft_lstadd_front.o ft_lstclear.o ft_lstdelone.o ft_lstlast.o ft_lstnew.o ft_lstsize.o ft_strspn.o ft_strtok.o get_next_line.o get_next_line_bonus.o ft_printf.o ft_putchar_printf.o ft_putstr_printf.o ft_putnbr_hexa_printf.o ft_putnbr_unsigned.o ft_putnbr_printf.o ft_percent_printf.o ft_putptr_printf.o
rm -f libft.a
make[1]: Leaving directory '/home/mohchams/cursus/niv3/pipex/libft'
make[1]: Entering directory '/home/mohchams/cursus/niv3/pipex/libft'
cc -Wall -Wextra -Werror   -c -o ft_atoi.o ft_atoi.c
cc -Wall -Wextra -Werror   -c -o ft_bzero.o ft_bzero.c
cc -Wall -Wextra -Werror   -c -o ft_calloc.o ft_calloc.c
cc -Wall -Wextra -Werror   -c -o ft_isalnum.o ft_isalnum.c
cc -Wall -Wextra -Werror   -c -o ft_isalpha.o ft_isalpha.c
cc -Wall -Wextra -Werror   -c -o ft_isascii.o ft_isascii.c
cc -Wall -Wextra -Werror   -c -o ft_isdigit.o ft_isdigit.c
cc -Wall -Wextra -Werror   -c -o ft_isprint.o ft_isprint.c
cc -Wall -Wextra -Werror   -c -o ft_itoa.o ft_itoa.c
cc -Wall -Wextra -Werror   -c -o ft_memchr.o ft_memchr.c
cc -Wall -Wextra -Werror   -c -o ft_memcmp.o ft_memcmp.c
cc -Wall -Wextra -Werror   -c -o ft_memcpy.o ft_memcpy.c
cc -Wall -Wextra -Werror   -c -o ft_memmove.o ft_memmove.c
cc -Wall -Wextra -Werror   -c -o ft_memset.o ft_memset.c
cc -Wall -Wextra -Werror   -c -o ft_putchar_fd.o ft_putchar_fd.c
cc -Wall -Wextra -Werror   -c -o ft_putendl_fd.o ft_putendl_fd.c
cc -Wall -Wextra -Werror   -c -o ft_putnbr_fd.o ft_putnbr_fd.c
cc -Wall -Wextra -Werror   -c -o ft_putstr_fd.o ft_putstr_fd.c
cc -Wall -Wextra -Werror   -c -o ft_split.o ft_split.c
cc -Wall -Wextra -Werror   -c -o ft_strchr.o ft_strchr.c
cc -Wall -Wextra -Werror   -c -o ft_strdup.o ft_strdup.c
cc -Wall -Wextra -Werror   -c -o ft_striteri.o ft_striteri.c
cc -Wall -Wextra -Werror   -c -o ft_strjoin.o ft_strjoin.c
cc -Wall -Wextra -Werror   -c -o ft_strlcat.o ft_strlcat.c
cc -Wall -Wextra -Werror   -c -o ft_strlcpy.o ft_strlcpy.c
cc -Wall -Wextra -Werror   -c -o ft_strlen.o ft_strlen.c
cc -Wall -Wextra -Werror   -c -o ft_strmapi.o ft_strmapi.c
cc -Wall -Wextra -Werror   -c -o ft_strncmp.o ft_strncmp.c
cc -Wall -Wextra -Werror   -c -o ft_strnstr.o ft_strnstr.c
cc -Wall -Wextra -Werror   -c -o ft_strrchr.o ft_strrchr.c
cc -Wall -Wextra -Werror   -c -o ft_strtrim.o ft_strtrim.c
cc -Wall -Wextra -Werror   -c -o ft_substr.o ft_substr.c
cc -Wall -Wextra -Werror   -c -o ft_tolower.o ft_tolower.c
cc -Wall -Wextra -Werror   -c -o ft_toupper.o ft_toupper.c
cc -Wall -Wextra -Werror   -c -o ft_lstadd_back.o ft_lstadd_back.c
cc -Wall -Wextra -Werror   -c -o ft_lstadd_front.o ft_lstadd_front.c
cc -Wall -Wextra -Werror   -c -o ft_lstclear.o ft_lstclear.c
cc -Wall -Wextra -Werror   -c -o ft_lstdelone.o ft_lstdelone.c
cc -Wall -Wextra -Werror   -c -o ft_lstlast.o ft_lstlast.c
cc -Wall -Wextra -Werror   -c -o ft_lstnew.o ft_lstnew.c
cc -Wall -Wextra -Werror   -c -o ft_lstsize.o ft_lstsize.c
cc -Wall -Wextra -Werror   -c -o ft_strspn.o ft_strspn.c
cc -Wall -Wextra -Werror   -c -o ft_strtok.o ft_strtok.c
cc -Wall -Wextra -Werror   -c -o get_next_line.o get_next_line.c
cc -Wall -Wextra -Werror   -c -o get_next_line_bonus.o get_next_line_bonus.c
cc -Wall -Wextra -Werror   -c -o ft_printf.o ft_printf.c
cc -Wall -Wextra -Werror   -c -o ft_putchar_printf.o ft_putchar_printf.c
cc -Wall -Wextra -Werror   -c -o ft_putstr_printf.o ft_putstr_printf.c
cc -Wall -Wextra -Werror   -c -o ft_putnbr_hexa_printf.o ft_putnbr_hexa_printf.c
cc -Wall -Wextra -Werror   -c -o ft_putnbr_unsigned.o ft_putnbr_unsigned.c
cc -Wall -Wextra -Werror   -c -o ft_putnbr_printf.o ft_putnbr_printf.c
cc -Wall -Wextra -Werror   -c -o ft_percent_printf.o ft_percent_printf.c
cc -Wall -Wextra -Werror   -c -o ft_putptr_printf.o ft_putptr_printf.c
ar rc libft.a ft_atoi.o ft_bzero.o ft_calloc.o ft_isalnum.o ft_isalpha.o ft_isascii.o ft_isdigit.o ft_isprint.o ft_itoa.o ft_memchr.o ft_memcmp.o ft_memcpy.o ft_memmove.o ft_memset.o ft_putchar_fd.o ft_putendl_fd.o ft_putnbr_fd.o ft_putstr_fd.o ft_split.o ft_strchr.o ft_strdup.o ft_striteri.o ft_strjoin.o ft_strlcat.o ft_strlcpy.o ft_strlen.o ft_strmapi.o ft_strncmp.o ft_strnstr.o ft_strrchr.o ft_strtrim.o ft_substr.o ft_tolower.o ft_toupper.o ft_lstadd_back.o ft_lstadd_front.o ft_lstclear.o ft_lstdelone.o ft_lstlast.o ft_lstnew.o ft_lstsize.o ft_strspn.o ft_strtok.o get_next_line.o get_next_line_bonus.o ft_printf.o ft_putchar_printf.o ft_putstr_printf.o ft_putnbr_hexa_printf.o ft_putnbr_unsigned.o ft_putnbr_printf.o ft_percent_printf.o ft_putptr_printf.o
make[1]: Leaving directory '/home/mohchams/cursus/niv3/pipex/libft'
